SET
SET
                                                                                                                                                                                                                                                                                                                                                                         QUERY PLAN                                                                                                                                                                                                                                                                                                                                                                         
------------------------------------------------------------------------------------------------------------------------------------------------------------------------------------------------------------------------------------------------------------------------------------------------------------------------------------------------------------------------------------------------------------------------------------------------------------------------------------------------------------------------------------------------------------------------------------------------------------------------------------------------------------------------------------------------------------------------------------------------------------
 Sort  (cost=5044.00..5044.01 rows=5 width=231) (actual time=59.361..59.366 rows=5.00 loops=1)
   Output: fi_1.type, (count(fi_1.incident_id)), (round(((((count(fi_1.incident_id)))::numeric * 100.0) / sum((count(fi_1.incident_id))) OVER w1), 1)), (round(avg(fi_1.impact_on_delivery_h), 1)), (round(max(fi_1.impact_on_delivery_h), 1)), (round(avg(fi_1.disruption_likelihood), 3)), (count(DISTINCT fi_1.vehicle_id)), (count(fi_1.incident_id) FILTER (WHERE ((fv.type)::text = 'moto'::text))), (count(fi_1.incident_id) FILTER (WHERE ((fv.type)::text = 'van'::text))), (count(fi_1.incident_id) FILTER (WHERE ((fv.type)::text = 'truck'::text))), (count(DISTINCT fd.delivery_id)), (count(DISTINCT fi.order_id)), (round((((count(DISTINCT fi.order_id))::numeric * 100.0) / (NULLIF(count(DISTINCT fd.delivery_id), 0))::numeric), 1))
   Sort Key: (round(avg(fi_1.impact_on_delivery_h), 1)) DESC
   Sort Method: quicksort  Memory: 25kB
   Buffers: shared hit=1942 read=8
   I/O Timings: shared read=0.134
   ->  WindowAgg  (cost=5020.36..5043.94 rows=5 width=231) (actual time=59.314..59.322 rows=5.00 loops=1)
         Output: fi_1.type, (count(fi_1.incident_id)), round(((((count(fi_1.incident_id)))::numeric * 100.0) / sum((count(fi_1.incident_id))) OVER w1), 1), (round(avg(fi_1.impact_on_delivery_h), 1)), (round(max(fi_1.impact_on_delivery_h), 1)), (round(avg(fi_1.disruption_likelihood), 3)), (count(DISTINCT fi_1.vehicle_id)), (count(fi_1.incident_id) FILTER (WHERE ((fv.type)::text = 'moto'::text))), (count(fi_1.incident_id) FILTER (WHERE ((fv.type)::text = 'van'::text))), (count(fi_1.incident_id) FILTER (WHERE ((fv.type)::text = 'truck'::text))), (count(DISTINCT fd.delivery_id)), (count(DISTINCT fi.order_id)), (round((((count(DISTINCT fi.order_id))::numeric * 100.0) / (NULLIF(count(DISTINCT fd.delivery_id), 0))::numeric), 1))
         Window: w1 AS ()
         Storage: Memory  Maximum Storage: 17kB
         Buffers: shared hit=1939 read=8
         I/O Timings: shared read=0.134
         ->  Nested Loop  (cost=4926.25..5043.83 rows=5 width=199) (actual time=57.818..59.296 rows=5.00 loops=1)
               Output: fi_1.type, (count(fi_1.incident_id)), (round(avg(fi_1.impact_on_delivery_h), 1)), (round(max(fi_1.impact_on_delivery_h), 1)), (round(avg(fi_1.disruption_likelihood), 3)), (count(DISTINCT fi_1.vehicle_id)), (count(fi_1.incident_id) FILTER (WHERE ((fv.type)::text = 'moto'::text))), (count(fi_1.incident_id) FILTER (WHERE ((fv.type)::text = 'van'::text))), (count(fi_1.incident_id) FILTER (WHERE ((fv.type)::text = 'truck'::text))), (count(DISTINCT fd.delivery_id)), (count(DISTINCT fi.order_id)), (round((((count(DISTINCT fi.order_id))::numeric * 100.0) / (NULLIF(count(DISTINCT fd.delivery_id), 0))::numeric), 1))
               Buffers: shared hit=1939 read=8
               I/O Timings: shared read=0.134
               ->  Aggregate  (cost=4616.19..4616.21 rows=1 width=48) (actual time=52.842..52.845 rows=1.00 loops=1)
                     Output: count(DISTINCT fd.delivery_id), count(DISTINCT fi.order_id), round((((count(DISTINCT fi.order_id))::numeric * 100.0) / (NULLIF(count(DISTINCT fd.delivery_id), 0))::numeric), 1)
                     Buffers: shared hit=1890 read=8
                     I/O Timings: shared read=0.134
                     ->  Sort  (cost=4434.07..4494.78 rows=24282 width=37) (actual time=33.340..34.503 rows=24081.00 loops=1)
                           Output: fd.delivery_id, fi.order_id
                           Sort Key: fd.delivery_id
                           Sort Method: quicksort  Memory: 1446kB
                           Buffers: shared hit=1887 read=8
                           I/O Timings: shared read=0.134
                           ->  Hash Left Join  (cost=397.75..2665.42 rows=24282 width=37) (actual time=2.841..27.845 rows=24081.00 loops=1)
                                 Output: fd.delivery_id, fi.order_id
                                 Hash Cond: ((fd.order_id)::text = (fi.order_id)::text)
                                 Buffers: shared hit=1884 read=8
                                 I/O Timings: shared read=0.134
                                 ->  Bitmap Heap Scan on public.fleet_deliveries fd  (cost=268.48..2436.00 rows=24282 width=37) (actual time=1.333..15.948 rows=24081.00 loops=1)
                                       Output: fd.delivery_id, fd.order_id, fd.vehicle_id, fd.driver_id, fd.pickup_date, fd.carrier_pickup_date, fd.delivery_date, fd.distance_km, fd.route_state, fd.delivery_status, fd.eta_variation_hours, fd.loading_unloading_time_h, fd.route_risk_level, fd.traffic_congestion_level, fd.weather_condition_severity
                                       Recheck Cond: ((fd.delivery_status)::text = 'delayed'::text)
                                       Heap Blocks: exact=1824
                                       Buffers: shared hit=1836 read=8
                                       I/O Timings: shared read=0.134
                                       ->  Bitmap Index Scan on idx_del_status  (cost=0.00..262.41 rows=24282 width=0) (actual time=1.108..1.108 rows=24081.00 loops=1)
                                             Index Cond: ((fd.delivery_status)::text = 'delayed'::text)
                                             Index Searches: 1
                                             Buffers: shared hit=12 read=8
                                             I/O Timings: shared read=0.134
                                 ->  Hash  (cost=84.12..84.12 rows=3612 width=33) (actual time=1.498..1.498 rows=3612.00 loops=1)
                                       Output: fi.order_id
                                       Buckets: 4096  Batches: 1  Memory Usage: 262kB
                                       Buffers: shared hit=48
                                       ->  Seq Scan on public.fleet_incidents fi  (cost=0.00..84.12 rows=3612 width=33) (actual time=0.020..0.699 rows=3612.00 loops=1)
                                             Output: fi.order_id
                                             Buffers: shared hit=48
               ->  GroupAggregate  (cost=310.06..427.57 rows=5 width=151) (actual time=4.971..6.444 rows=5.00 loops=1)
                     Output: fi_1.type, count(fi_1.incident_id), round(avg(fi_1.impact_on_delivery_h), 1), round(max(fi_1.impact_on_delivery_h), 1), round(avg(fi_1.disruption_likelihood), 3), count(DISTINCT fi_1.vehicle_id), count(fi_1.incident_id) FILTER (WHERE ((fv.type)::text = 'moto'::text)), count(fi_1.incident_id) FILTER (WHERE ((fv.type)::text = 'van'::text)), count(fi_1.incident_id) FILTER (WHERE ((fv.type)::text = 'truck'::text))
                     Group Key: fi_1.type
                     Buffers: shared hit=49
                     ->  Sort  (cost=310.06..319.09 rows=3612 width=37) (actual time=4.869..5.050 rows=3612.00 loops=1)
                           Output: fi_1.type, fi_1.incident_id, fi_1.impact_on_delivery_h, fi_1.disruption_likelihood, fi_1.vehicle_id, fv.type
                           Sort Key: fi_1.type, fi_1.vehicle_id
                           Sort Method: quicksort  Memory: 308kB
                           Buffers: shared hit=49
                           ->  Hash Join  (cost=2.35..96.62 rows=3612 width=37) (actual time=0.076..1.168 rows=3612.00 loops=1)
                                 Output: fi_1.type, fi_1.incident_id, fi_1.impact_on_delivery_h, fi_1.disruption_likelihood, fi_1.vehicle_id, fv.type
                                 Inner Unique: true
                                 Hash Cond: (fi_1.vehicle_id = fv.vehicle_id)
                                 Buffers: shared hit=49
                                 ->  Seq Scan on public.fleet_incidents fi_1  (cost=0.00..84.12 rows=3612 width=33) (actual time=0.039..0.296 rows=3612.00 loops=1)
                                       Output: fi_1.incident_id, fi_1.vehicle_id, fi_1.date, fi_1.type, fi_1.disruption_likelihood, fi_1.impact_on_delivery_h, fi_1.order_id
                                       Buffers: shared hit=48
                                 ->  Hash  (cost=1.60..1.60 rows=60 width=8) (actual time=0.030..0.031 rows=60.00 loops=1)
                                       Output: fv.type, fv.vehicle_id
                                       Buckets: 1024  Batches: 1  Memory Usage: 11kB
                                       Buffers: shared hit=1
                                       ->  Seq Scan on public.fleet_vehicles fv  (cost=0.00..1.60 rows=60 width=8) (actual time=0.014..0.020 rows=60.00 loops=1)
                                             Output: fv.type, fv.vehicle_id
                                             Buffers: shared hit=1
 Planning:
   Buffers: shared hit=591 read=1
   I/O Timings: shared read=0.530
 Planning Time: 14.062 ms
 Execution Time: 59.982 ms
(78 rows)

