C:\poriglia\tpi-logistica-ecommerce\etapa1-datos-arquitectura\sql [main ≡]> psql -U postgres -d olist_logistics_db -f 03b_fix_constraints.sql                                                                                                                       
Password for user postgres:                       

SET
ALTER TABLE
ALTER TABLE
COMMENT
ALTER TABLE
ALTER TABLE
COMMENT
INSERT 0 1
COMMENT
ALTER TABLE
ALTER TABLE
ALTER TABLE
psql:03b_fix_constraints.sql:166: NOTICE:  el Ãndice Â«idx_rev_idÂ» no existe, omitiendo
DROP INDEX
CREATE INDEX
COMMENT
COMMENT
                    constraint_name                     | tipo |                                                                                                                                                                                                             definicion                                                                                                                                                                                                              
--------------------------------------------------------+------+-------------------------------------------------------------------------------------------------------------------------------------------------------------------------------------------------------------------------------------------------------------------------------------------------------------------------------------------------------------------------------------------------------------------------------------
 chk_geo_state                                          | c    | CHECK ((geolocation_state = ANY (ARRAY['AC'::bpchar, 'AL'::bpchar, 'AM'::bpchar, 'AP'::bpchar, 'BA'::bpchar, 'CE'::bpchar, 'DF'::bpchar, 'ES'::bpchar, 'GO'::bpchar, 'MA'::bpchar, 'MG'::bpchar, 'MS'::bpchar, 'MT'::bpchar, 'PA'::bpchar, 'PB'::bpchar, 'PE'::bpchar, 'PI'::bpchar, 'PR'::bpchar, 'RJ'::bpchar, 'RN'::bpchar, 'RO'::bpchar, 'RR'::bpchar, 'RS'::bpchar, 'SC'::bpchar, 'SE'::bpchar, 'SP'::bpchar, 'TO'::bpchar])))
 olist_geolocation_geolocation_lat_not_null             | n    | NOT NULL geolocation_lat
 olist_geolocation_geolocation_lng_not_null             | n    | NOT NULL geolocation_lng
 olist_geolocation_geolocation_zip_code_prefix_not_null | n    | NOT NULL geolocation_zip_code_prefix
 chk_prod_desc_len                                      | c    | CHECK ((product_description_lenght > 0))
 chk_prod_height                                        | c    | CHECK ((product_height_cm > (0)::numeric))
 chk_prod_length                                        | c    | CHECK ((product_length_cm > (0)::numeric))
 chk_prod_name_len                                      | c    | CHECK ((product_name_lenght > 0))
 chk_prod_photos                                        | c    | CHECK ((product_photos_qty >= 0))                               
 chk_prod_weight                                        | c    | CHECK (((product_weight_g >= 0) OR (product_weight_g IS NULL))) 
 chk_prod_width                                         | c    | CHECK ((product_width_cm > (0)::numeric))                       
 olist_products_pkey                                    | p    | PRIMARY KEY (product_id)                                        
 olist_products_product_id_not_null                     | n    | NOT NULL product_id                                             
 chk_rev_score                                          | c    | CHECK (((review_score >= 1) AND (review_score <= 5)))           
 olist_order_reviews_order_id_fkey                      | f    | FOREIGN KEY (order_id) REFERENCES olist_orders(order_id)        
 olist_order_reviews_order_id_not_null                  | n    | NOT NULL order_id                                               
 olist_order_reviews_pkey                               | p    | PRIMARY KEY (review_pk)                                         
 olist_order_reviews_review_id_not_null                 | n    | NOT NULL review_id                                              
 olist_order_reviews_review_pk_not_null                 | n    | NOT NULL review_pk                                              
 olist_order_reviews_review_score_not_null              | n    | NOT NULL review_score                                           
(20 rows)                                                                                                                        
                                                                                                                                 
 